{
    "apiVersion": "1.0",
    "data": "Test successfull!",
    "error": null,
    "id": "7E1589C9-8438-4CDB-8957-0001E1EEF833"
}